// Jest Snapshot v1, https://goo.gl/fbAQLP

exports[`CODEBLOCKS COMPONENT renders correctly 1`] = `
<div
  className="my-5"
>
  <pre
    className="prism-code language-typescript code"
    style={
      {
        "backgroundColor": "#011627",
        "color": "#d6deeb",
      }
    }
  >
    <div
      className="token-line"
      style={
        {
          "backgroundColor": null,
          "color": "#d6deeb",
        }
      }
    >
      <span
        className="token plain"
        style={
          {
            "display": "inline-block",
          }
        }
      >
        

      </span>
    </div>
  </pre>
</div>
`;
