// Vitest Snapshot v1, https://vitest.dev/guide/snapshot.html

exports[`CODEBLOCKS COMPONENT > renders correctly 1`] = `<DocumentFragment />`;

exports[`CODEBLOCKS COMPONENT > renders highlight 1`] = `<DocumentFragment />`;

exports[`CODEBLOCKS COMPONENT > renders highlight range 1`] = `<DocumentFragment />`;

exports[`CODEBLOCKS COMPONENT > renders line numbers 1`] = `<DocumentFragment />`;
