// Jest Snapshot v1, https://goo.gl/fbAQLP

exports[`renders correctly 1`] = `
Array [
  <div
    className="bg-black overflow-hidden relative"
    style={
      Object {
        "height": "60vh",
        "width": "100vw",
      }
    }
  >
    <div
      className="relative filter brightness-75 blur-sm w-full h-full transform-gpu scale-110"
    >
      <div
        className=""
      >
        <div
          style={
            Object {
              "bottom": 0,
              "boxSizing": "border-box",
              "display": "block",
              "left": 0,
              "margin": 0,
              "overflow": "hidden",
              "position": "absolute",
              "right": 0,
              "top": 0,
            }
          }
        >
          <noscript>
            <img
              decoding="async"
              src="/test.png"
              srcSet="/_next/image?url=%2Ftest.png&w=320&q=75 320w, /_next/image?url=%2Ftest.png&w=420&q=75 420w, /_next/image?url=%2Ftest.png&w=768&q=75 768w, /_next/image?url=%2Ftest.png&w=1024&q=75 1024w, /_next/image?url=%2Ftest.png&w=1200&q=75 1200w"
              style={
                Object {
                  "backgroundImage": "url(\\"data:image/png;base64,iVBORw0KGgoAAAANSUhEUgAAACAAAAAgCAYAAABzenr0AAAABmJLR0QA/wD/AP+gvaeTAAACU0lEQVRYhb1X0W4DIQyzIXdV97Zv2sfvs7YHkiOEUFqtGtIE60FsnDjXkl/fPyB0cJgAohD4JPEB4E7iRuAEcRI4SBwEDhBCQghUEhV9LiQKgEKggCBbeIMoHSwfDHP6WYixCTmMskMX3UT3B3oSjEeWhLMha/ptcQAq5UzEg6Ug3KsxKhBoVwCHqlB180WCnIAj2HiXnIosqQO4oxVcBVC1IAuYKkFXv+QcdKWETNt0p1X9iaZCI9FTURS0EeA17wATAqP1qt78TuIGSwFR3e2Lyh9tFS32DA0pekjQCu4wn+u6ebw9F7pa0HO7wlwWqBH41HwVvb0VnN28g4cGozVBN2cW3Crw4ViWK9cGtgBn5orgjsSCmRpyVwVMTpPXbmmyj+DOEdZiJwCNO5bYrMDN2+ciwavad+B22+Jvj1gP66TIaY8ZSfQXSQT38qd9gR7cjYSHnEEBXhbrdVFA1wOU1KSCv/0o/6MhB8fq9bew3Pbmw3xNDsXoL9ubVC6EHOwbcxJqNXjvj+Cj9FlBzsCdgGu/oxI9kAfupHxHdM8tzjPoAERcoi4CDEqgt1z/NhyKb1Iilz8hkBP1oGNagtViH3DgTwgAqa4RzSS8KrPHp5xf2RzryQePRKQmHzKQYlwzKVoHPsi+sWKqQAQHzF6cyehi8P8iRk4goMbMrYJlfp/2hXipDUvigsCprxegGfB0NondCMQNC1f0/3PC8fwm9Y7AtHP97lr2lgegOyKy/WmUBXpgq1fAgfZl53UCb9jXCbx44C9gbyfwjvH4x+k/jF+91gc13rQ0YgAAAABJRU5ErkJggg==\\")",
                  "backgroundSize": "cover",
                  "border": "none",
                  "bottom": 0,
                  "boxSizing": "border-box",
                  "display": "block",
                  "filter": "blur(20px)",
                  "height": 0,
                  "left": 0,
                  "margin": "auto",
                  "maxHeight": "100%",
                  "maxWidth": "100%",
                  "minHeight": "100%",
                  "minWidth": "100%",
                  "objectFit": "cover",
                  "objectPosition": "center",
                  "padding": 0,
                  "position": "absolute",
                  "right": 0,
                  "top": 0,
                  "width": 0,
                }
              }
            />
          </noscript>
          <img
            decoding="async"
            src="data:image/gif;base64,R0lGODlhAQABAIAAAAAAAP///yH5BAEAAAAALAAAAAABAAEAAAIBRAA7"
            style={
              Object {
                "backgroundImage": "url(\\"data:image/png;base64,iVBORw0KGgoAAAANSUhEUgAAACAAAAAgCAYAAABzenr0AAAABmJLR0QA/wD/AP+gvaeTAAACU0lEQVRYhb1X0W4DIQyzIXdV97Zv2sfvs7YHkiOEUFqtGtIE60FsnDjXkl/fPyB0cJgAohD4JPEB4E7iRuAEcRI4SBwEDhBCQghUEhV9LiQKgEKggCBbeIMoHSwfDHP6WYixCTmMskMX3UT3B3oSjEeWhLMha/ptcQAq5UzEg6Ug3KsxKhBoVwCHqlB180WCnIAj2HiXnIosqQO4oxVcBVC1IAuYKkFXv+QcdKWETNt0p1X9iaZCI9FTURS0EeA17wATAqP1qt78TuIGSwFR3e2Lyh9tFS32DA0pekjQCu4wn+u6ebw9F7pa0HO7wlwWqBH41HwVvb0VnN28g4cGozVBN2cW3Crw4ViWK9cGtgBn5orgjsSCmRpyVwVMTpPXbmmyj+DOEdZiJwCNO5bYrMDN2+ciwavad+B22+Jvj1gP66TIaY8ZSfQXSQT38qd9gR7cjYSHnEEBXhbrdVFA1wOU1KSCv/0o/6MhB8fq9bew3Pbmw3xNDsXoL9ubVC6EHOwbcxJqNXjvj+Cj9FlBzsCdgGu/oxI9kAfupHxHdM8tzjPoAERcoi4CDEqgt1z/NhyKb1Iilz8hkBP1oGNagtViH3DgTwgAqa4RzSS8KrPHp5xf2RzryQePRKQmHzKQYlwzKVoHPsi+sWKqQAQHzF6cyehi8P8iRk4goMbMrYJlfp/2hXipDUvigsCprxegGfB0NondCMQNC1f0/3PC8fwm9Y7AtHP97lr2lgegOyKy/WmUBXpgq1fAgfZl53UCb9jXCbx44C9gbyfwjvH4x+k/jF+91gc13rQ0YgAAAABJRU5ErkJggg==\\")",
                "backgroundSize": "cover",
                "border": "none",
                "bottom": 0,
                "boxSizing": "border-box",
                "display": "block",
                "filter": "blur(20px)",
                "height": 0,
                "left": 0,
                "margin": "auto",
                "maxHeight": "100%",
                "maxWidth": "100%",
                "minHeight": "100%",
                "minWidth": "100%",
                "objectFit": "cover",
                "objectPosition": "center",
                "padding": 0,
                "position": "absolute",
                "right": 0,
                "top": 0,
                "width": 0,
              }
            }
          />
        </div>
      </div>
    </div>
    <div
      className="relative -top-full w-full h-full"
    >
      <div
        className="h-full w-full overflow-hidden"
      />
    </div>
  </div>,
  <div
    className="relative max-w-5xl -mt-20 mx-auto px-4 mb-0 pb-10"
  >
    <div>
      <div
        className="shadow-2xl rounded-2xl transition ease-in-out duration-200 bg-gray-300 dark:bg-trueGray-600 text-black dark:text-white w-full h-full z-20"
      >
        <div
          className="p-4 md:p-8 lg:p-14"
        >
          <h1
            className="my-3 text-3xl md:text-left text-center"
          >
            title
          </h1>
          <div
            className="md:mb-3 md:-ml-1 justify-center md:justify-start tagSet"
          >
            <div
              className="tag-inverted tag-common"
              onClick={[Function]}
              onMouseEnter={[Function]}
            >
              some
            </div>
            <div
              className="tag-inverted tag-common"
              onClick={[Function]}
              onMouseEnter={[Function]}
            >
              tags
            </div>
          </div>
          <div
            className="flex flex-col md:flex-row justify-between items-center"
          >
            <div>
              <span
                className="subText"
              >
                Published on 6/27/2019
              </span>
            </div>
            <div>
              <span
                className="subText"
              >
                Last edited on 6/28/2019
              </span>
            </div>
          </div>
          <div
            className="flex flex-col md:flex-row justify-between items-center"
          >
            <span
              className="subText"
            >
              <p>
                Written by 
                <a
                  className="underline"
                  href="/authors/string"
                  onClick={[Function]}
                  onMouseEnter={[Function]}
                >
                  string
                </a>
              </p>
            </span>
            <div>
              <span
                className="subText"
              >
                1 min read
              </span>
            </div>
          </div>
          <div
            style={
              Object {
                "marginTop": "5px",
              }
            }
          />
          <div>
            <p>
              This is a test article
            </p>
          </div>
        </div>
      </div>
    </div>
  </div>,
]
`;
