// Jest Snapshot v1, https://goo.gl/fbAQLP

exports[`ARTICLE COMPONENT renders correctly 1`] = `
[
  <div
    className="bg-black overflow-hidden relative"
    style={
      {
        "height": "60vh",
        "width": "100vw",
      }
    }
  >
    <div
      className="relative filter brightness-75 blur-sm w-full h-full transform-gpu scale-110"
    >
      <div
        className="relative w-full h-[60vh]"
      >
        <img
          alt="alt text"
          data-nimg="fill"
          decoding="async"
          loading="lazy"
          onError={[Function]}
          onLoad={[Function]}
          sizes="100vw"
          src="/_next/image?url=%2Ftest.png&w=1200&q=75"
          srcSet="/_next/image?url=%2Ftest.png&w=320&q=75 320w, /_next/image?url=%2Ftest.png&w=420&q=75 420w, /_next/image?url=%2Ftest.png&w=768&q=75 768w, /_next/image?url=%2Ftest.png&w=1024&q=75 1024w, /_next/image?url=%2Ftest.png&w=1200&q=75 1200w"
          style={
            {
              "backgroundImage": "url("data:image/svg+xml;charset=utf-8,%3Csvg xmlns='http%3A//www.w3.org/2000/svg'%3E%3Cimage style='filter:blur(20px)' preserveAspectRatio='xMidYMid slice' x='0' y='0' height='100%25' width='100%25' href='AAAAAAAAAAAA'/%3E%3C/svg%3E")",
              "backgroundPosition": "center",
              "backgroundRepeat": "no-repeat",
              "backgroundSize": "cover",
              "bottom": 0,
              "color": "transparent",
              "height": "100%",
              "left": 0,
              "objectFit": "cover",
              "objectPosition": "center",
              "position": "absolute",
              "right": 0,
              "top": 0,
              "width": "100%",
            }
          }
        />
      </div>
    </div>
    <div
      className="relative -top-full w-full h-full"
    >
      <div
        className="h-full w-full overflow-hidden"
      />
    </div>
  </div>,
  <div
    className="relative max-w-5xl -mt-20 mx-auto px-4 mb-0 pb-10"
  >
    <div>
      <div
        className="shadow-2xl rounded-2xl transition ease-in-out duration-200 bg-gray-300 dark:bg-neutral-600 text-black dark:text-white w-full h-full z-20 dark:shadow-neutral-800"
      >
        <div
          className="p-4 md:p-8 lg:p-14"
        >
          <h1
            className="mt-3 mb-10 text-5xl md:text-left text-center"
          >
            title
          </h1>
          <div
            className="md:mb-3 md:-ml-1 justify-center md:justify-start tagSet"
          >
            <a
              href="/tags/some"
              onClick={[Function]}
              onMouseEnter={[Function]}
              onTouchStart={[Function]}
            >
              <div
                className="tag-inverted tag-common"
              >
                some
              </div>
            </a>
            <a
              href="/tags/tags"
              onClick={[Function]}
              onMouseEnter={[Function]}
              onTouchStart={[Function]}
            >
              <div
                className="tag-inverted tag-common"
              >
                tags
              </div>
            </a>
          </div>
          <div
            className="flex flex-col md:flex-row justify-between items-center uppercase text-xs"
          >
            <div>
              <span>
                Published on 
                <time
                  dateTime="2019-06-27T10:59:18.365Z"
                >
                  27/06/2019
                </time>
              </span>
            </div>
            <div>
              <span>
                Last edited on 
                <time
                  dateTime="2019-06-28T10:59:18.365Z"
                >
                  28/06/2019
                </time>
              </span>
            </div>
          </div>
          <div
            className="flex flex-col md:flex-row justify-between items-center uppercase text-xs"
          >
            <span>
              <p>
                Written by 
                <a
                  className="underline dark:text-gray-300"
                  href="/authors/string"
                  onClick={[Function]}
                  onMouseEnter={[Function]}
                  onTouchStart={[Function]}
                >
                  string
                </a>
              </p>
            </span>
            <div>
              <span>
                1 min read
              </span>
            </div>
          </div>
          <div
            style={
              {
                "marginTop": "5px",
              }
            }
          />
          <div>
            <p>
              This is a test article
            </p>
          </div>
        </div>
      </div>
      <div
        className="visible"
      >
        <div
          className="fixed bottom-6 right-6 h-20 w-20 bg-green-500 rounded-full z-10 group animate-bounce-out"
        >
          <div
            style={
              {
                "transform": "rotate(90deg) scaleX(-1)",
              }
            }
          >
            <svg
              viewBox="0 0 50 50"
            >
              <circle
                className="progress-circle"
                cx="25"
                cy="25"
                fill="transparent"
                r="22"
                stroke="red"
                strokeDasharray={138.16}
                strokeDashoffset={0}
                strokeWidth={6}
              />
            </svg>
          </div>
          <div
            className="fixed top-2 left-2 bg-white rounded-full h-16 w-16 shadow-2xl cursor-pointer"
            onClick={[Function]}
          >
            <svg
              aria-hidden="true"
              className="svg-inline--fa fa-arrow-up-to-line fa-2x fa-stack-1x group-hover:animate-bounce-orig text-black"
              data-icon="arrow-up-to-line"
              data-prefix="fad"
              focusable="false"
              role="img"
              style={{}}
              viewBox="0 0 384 512"
              xmlns="http://www.w3.org/2000/svg"
            >
              <g
                className="fa-duotone-group"
                style={{}}
              >
                <path
                  className="fa-secondary"
                  d="M0 64C0 46.3 14.3 32 32 32H352c17.7 0 32 14.3 32 32s-14.3 32-32 32H32C14.3 96 0 81.7 0 64z"
                  fill="currentColor"
                  style={{}}
                />
                <path
                  className="fa-primary"
                  d="M169.4 169.4c12.5-12.5 32.8-12.5 45.3 0l128 128c12.5 12.5 12.5 32.8 0 45.3s-32.8 12.5-45.3 0L224 269.3V448c0 17.7-14.3 32-32 32s-32-14.3-32-32V269.3L86.6 342.6c-12.5 12.5-32.8 12.5-45.3 0s-12.5-32.8 0-45.3l128-128z"
                  fill="currentColor"
                  style={{}}
                />
              </g>
            </svg>
          </div>
        </div>
      </div>
    </div>
  </div>,
]
`;

exports[`AUTHORLINK COMPONENT renders correctly 1`] = `
<p>
  Written by 
  <a
    className="underline dark:text-gray-300"
    href="/authors/username"
    onClick={[Function]}
    onMouseEnter={[Function]}
    onTouchStart={[Function]}
  >
    fullname
  </a>
</p>
`;
