// Jest Snapshot v1, https://goo.gl/fbAQLP

exports[`TOPBAR COMPONENT should render 1`] = `
<div
  className="flex flex-row justify-center items-center list-none bg-gray-500 m-0 p-0 fixed w-screen z-40"
>
  <div
    className="child heading"
    href="/authors"
    onClick={[Function]}
    onMouseEnter={[Function]}
  >
    Authors
  </div>
  <div
    className="child heading"
    href="/"
    onClick={[Function]}
    onMouseEnter={[Function]}
  >
    Articles
  </div>
  <div
    className="child heading"
    href="/tags"
    onClick={[Function]}
    onMouseEnter={[Function]}
  >
    Tags
  </div>
</div>
`;
