// Vitest Snapshot v1, https://vitest.dev/guide/snapshot.html

exports[`TOPBAR COMPONENT > should render 1`] = `
<DocumentFragment>
  <div
    class="flex flex-row justify-center items-center list-none bg-gray-500 m-0 p-0 fixed w-screen z-40"
  >
    <a
      href="/authors"
    >
      <div
        class="_child_4e241d _heading_4e241d"
      >
        Authors
      </div>
    </a>
    <a
      href="/"
    >
      <div
        class="_child_4e241d _heading_4e241d"
      >
        Articles
      </div>
    </a>
    <a
      href="/tags"
    >
      <div
        class="_child_4e241d _heading_4e241d"
      >
        Tags
      </div>
    </a>
  </div>
</DocumentFragment>
`;
