// Vitest Snapshot v1, https://vitest.dev/guide/snapshot.html

exports[`JUMBOTRON COMPONENT > renders correctly 1`] = `
<DocumentFragment>
  <div
    class="bg-black overflow-hidden relative"
    style="width: 100%; height: 100%;"
  >
    <div
      class="relative filter brightness-75 blur-sm w-full h-full transform-gpu scale-110"
    >
      <div />
    </div>
    <div
      class="relative -top-full w-full h-full"
    >
      <div />
    </div>
  </div>
</DocumentFragment>
`;
